pavlo@pavlo-Satellite-M60:~/.ansible/playbooks$ ansible all -m ping
ubuntu1 | SUCCESS => {
    "ansible_facts": {
        "discovered_interpreter_python": "/usr/bin/python3"
    }, 
    "changed": false, 
    "ping": "pong"
}
centos1 | SUCCESS => {
    "ansible_facts": {
        "discovered_interpreter_python": "/usr/bin/python"
    }, 
    "changed": false, 
    "ping": "pong"
}

pavlo@pavlo-Satellite-M60:~/.ansible/playbooks$ ansible-playbook nginx.yaml
PLAY [install and configure nginx webserver] *******************************************************************************************************************************************************************

TASK [Gathering Facts] *****************************************************************************************************************************************************************************************
ok: [centos1]
ok: [ubuntu1]

TASK [enable extra packages for EL] ****************************************************************************************************************************************************************************
skipping: [ubuntu1]
changed: [centos1]

TASK [install nginx] *******************************************************************************************************************************************************************************************
changed: [ubuntu1]
changed: [centos1]

TASK [disable autostart] ***************************************************************************************************************************************************************************************
ok: [centos1]
changed: [ubuntu1]

TASK [stop nginx] **********************************************************************************************************************************************************************************************
ok: [centos1]
changed: [ubuntu1]

TASK [start nginx] *********************************************************************************************************************************************************************************************
changed: [ubuntu1]
changed: [centos1]

TASK [enable autostart] ****************************************************************************************************************************************************************************************
changed: [centos1]
changed: [ubuntu1]

PLAY RECAP *****************************************************************************************************************************************************************************************************
centos1                    : ok=7    changed=4    unreachable=0    failed=0    skipped=0    rescued=0    ignored=0   
ubuntu1                    : ok=6    changed=5    unreachable=0    failed=0    skipped=1    rescued=0    ignored=0   



pavlo@pavlo-Satellite-M60:~/.ansible/playbooks$ ansible-playbook nginx.yaml --tags "enable"
PLAY [install and configure nginx webserver] *******************************************************************************************************************************************************************

TASK [Gathering Facts] *****************************************************************************************************************************************************************************************
ok: [centos1]
ok: [ubuntu1]

TASK [enable autostart] ****************************************************************************************************************************************************************************************
ok: [centos1]
ok: [ubuntu1]

PLAY RECAP *****************************************************************************************************************************************************************************************************
centos1                    : ok=2    changed=0    unreachable=0    failed=0    skipped=0    rescued=0    ignored=0   
ubuntu1                    : ok=2    changed=0    unreachable=0    failed=0    skipped=0    rescued=0    ignored=0   


pavlo@pavlo-Satellite-M60:~/.ansible/playbooks$ ansible-playbook nginx.yaml --tags "start"
PLAY [install and configure nginx webserver] *******************************************************************************************************************************************************************

TASK [Gathering Facts] *****************************************************************************************************************************************************************************************
ok: [centos1]
ok: [ubuntu1]

TASK [start nginx] *********************************************************************************************************************************************************************************************
ok: [centos1]
ok: [ubuntu1]

PLAY RECAP *****************************************************************************************************************************************************************************************************
centos1                    : ok=2    changed=0    unreachable=0    failed=0    skipped=0    rescued=0    ignored=0   
ubuntu1                    : ok=2    changed=0    unreachable=0    failed=0    skipped=0    rescued=0    ignored=0   



pavlo@pavlo-Satellite-M60:~/.ansible/playbooks$ ansible-playbook nginx.yaml --tags "stop"
PLAY [install and configure nginx webserver] *******************************************************************************************************************************************************************

TASK [Gathering Facts] *****************************************************************************************************************************************************************************************
ok: [centos1]
ok: [ubuntu1]

TASK [stop nginx] **********************************************************************************************************************************************************************************************
changed: [centos1]
changed: [ubuntu1]

PLAY RECAP *****************************************************************************************************************************************************************************************************
centos1                    : ok=2    changed=1    unreachable=0    failed=0    skipped=0    rescued=0    ignored=0   
ubuntu1                    : ok=2    changed=1    unreachable=0    failed=0    skipped=0    rescued=0    ignored=0   


pavlo@pavlo-Satellite-M60:~/.ansible/playbooks$ ansible-playbook nginx.yaml --tags "disable"
PLAY [install and configure nginx webserver] *******************************************************************************************************************************************************************

TASK [Gathering Facts] *****************************************************************************************************************************************************************************************
ok: [centos1]
ok: [ubuntu1]

TASK [disable autostart] ***************************************************************************************************************************************************************************************
changed: [centos1]
changed: [ubuntu1]

PLAY RECAP *****************************************************************************************************************************************************************************************************
centos1                    : ok=2    changed=1    unreachable=0    failed=0    skipped=0    rescued=0    ignored=0   
ubuntu1                    : ok=2    changed=1    unreachable=0    failed=0    skipped=0    rescued=0    ignored=0   

